[2025-02-10T20:08:38.701-0800][gc] Using G1
[2025-02-10T20:08:38.705-0800][gc,init] Version: 17.0.2+8-86 (release)
[2025-02-10T20:08:38.705-0800][gc,init] CPUs: 12 total, 12 available
[2025-02-10T20:08:38.705-0800][gc,init] Memory: 36864M
[2025-02-10T20:08:38.705-0800][gc,init] Large Page Support: Disabled
[2025-02-10T20:08:38.705-0800][gc,init] NUMA Support: Disabled
[2025-02-10T20:08:38.705-0800][gc,init] Compressed Oops: Enabled (Zero based)
[2025-02-10T20:08:38.705-0800][gc,init] Heap Region Size: 1M
[2025-02-10T20:08:38.705-0800][gc,init] Heap Min Capacity: 1G
[2025-02-10T20:08:38.705-0800][gc,init] Heap Initial Capacity: 1G
[2025-02-10T20:08:38.705-0800][gc,init] Heap Max Capacity: 1G
[2025-02-10T20:08:38.705-0800][gc,init] Pre-touch: Disabled
[2025-02-10T20:08:38.705-0800][gc,init] Parallel Workers: 10
[2025-02-10T20:08:38.705-0800][gc,init] Concurrent Workers: 3
[2025-02-10T20:08:38.705-0800][gc,init] Concurrent Refinement Workers: 10
[2025-02-10T20:08:38.705-0800][gc,init] Periodic GC: Disabled
[2025-02-10T20:08:38.705-0800][gc,metaspace] CDS archive(s) mapped at: [0x0000000800000000-0x0000000800bd4000-0x0000000800bd4000), size 12402688, SharedBaseAddress: 0x0000000800000000, ArchiveRelocationMode: 0.
[2025-02-10T20:08:38.705-0800][gc,metaspace] Compressed class space mapped at: 0x0000000800c00000-0x0000000840c00000, reserved size: 1073741824
[2025-02-10T20:08:38.705-0800][gc,metaspace] Narrow klass base: 0x0000000800000000, Narrow klass shift: 0, Narrow klass range: 0x100000000
[2025-02-10T20:08:39.861-0800][gc,start    ] GC(0) Pause Young (Normal) (G1 Evacuation Pause)
[2025-02-10T20:08:39.861-0800][gc,task     ] GC(0) Using 10 workers of 10 for evacuation
[2025-02-10T20:08:39.870-0800][gc,phases   ] GC(0)   Pre Evacuate Collection Set: 0.1ms
[2025-02-10T20:08:39.870-0800][gc,phases   ] GC(0)   Merge Heap Roots: 0.0ms
[2025-02-10T20:08:39.870-0800][gc,phases   ] GC(0)   Evacuate Collection Set: 7.7ms
[2025-02-10T20:08:39.870-0800][gc,phases   ] GC(0)   Post Evacuate Collection Set: 0.2ms
[2025-02-10T20:08:39.870-0800][gc,phases   ] GC(0)   Other: 0.5ms
[2025-02-10T20:08:39.870-0800][gc,heap     ] GC(0) Eden regions: 51->0(44)
[2025-02-10T20:08:39.870-0800][gc,heap     ] GC(0) Survivor regions: 0->7(7)
[2025-02-10T20:08:39.870-0800][gc,heap     ] GC(0) Old regions: 0->2
[2025-02-10T20:08:39.870-0800][gc,heap     ] GC(0) Archive regions: 2->2
[2025-02-10T20:08:39.870-0800][gc,heap     ] GC(0) Humongous regions: 0->0
[2025-02-10T20:08:39.870-0800][gc,metaspace] GC(0) Metaspace: 17630K(17856K)->17630K(17856K) NonClass: 15658K(15744K)->15658K(15744K) Class: 1972K(2112K)->1972K(2112K)
[2025-02-10T20:08:39.870-0800][gc          ] GC(0) Pause Young (Normal) (G1 Evacuation Pause) 51M->9M(1024M) 9.035ms
[2025-02-10T20:08:39.870-0800][gc,cpu      ] GC(0) User=0.02s Sys=0.01s Real=0.01s
[2025-02-10T20:08:39.967-0800][gc,start    ] GC(1) Pause Young (Concurrent Start) (GCLocker Initiated GC)
[2025-02-10T20:08:39.967-0800][gc,task     ] GC(1) Using 10 workers of 10 for evacuation
[2025-02-10T20:08:39.972-0800][gc,phases   ] GC(1)   Pre Evacuate Collection Set: 0.1ms
[2025-02-10T20:08:39.972-0800][gc,phases   ] GC(1)   Merge Heap Roots: 0.0ms
[2025-02-10T20:08:39.972-0800][gc,phases   ] GC(1)   Evacuate Collection Set: 4.4ms
[2025-02-10T20:08:39.972-0800][gc,phases   ] GC(1)   Post Evacuate Collection Set: 0.2ms
[2025-02-10T20:08:39.972-0800][gc,phases   ] GC(1)   Other: 0.2ms
[2025-02-10T20:08:39.972-0800][gc,heap     ] GC(1) Eden regions: 13->0(49)
[2025-02-10T20:08:39.972-0800][gc,heap     ] GC(1) Survivor regions: 7->2(7)
[2025-02-10T20:08:39.972-0800][gc,heap     ] GC(1) Old regions: 2->9
[2025-02-10T20:08:39.972-0800][gc,heap     ] GC(1) Archive regions: 2->2
[2025-02-10T20:08:39.972-0800][gc,heap     ] GC(1) Humongous regions: 0->0
[2025-02-10T20:08:39.972-0800][gc,metaspace] GC(1) Metaspace: 21280K(21568K)->21280K(21568K) NonClass: 18974K(19136K)->18974K(19136K) Class: 2306K(2432K)->2306K(2432K)
[2025-02-10T20:08:39.972-0800][gc          ] GC(1) Pause Young (Concurrent Start) (GCLocker Initiated GC) 21M->10M(1024M) 4.973ms
[2025-02-10T20:08:39.972-0800][gc,cpu      ] GC(1) User=0.02s Sys=0.01s Real=0.01s
[2025-02-10T20:08:39.972-0800][gc          ] GC(2) Concurrent Mark Cycle
[2025-02-10T20:08:39.972-0800][gc,marking  ] GC(2) Concurrent Clear Claimed Marks
[2025-02-10T20:08:39.972-0800][gc,marking  ] GC(2) Concurrent Clear Claimed Marks 0.010ms
[2025-02-10T20:08:39.972-0800][gc,marking  ] GC(2) Concurrent Scan Root Regions
[2025-02-10T20:08:39.976-0800][gc,marking  ] GC(2) Concurrent Scan Root Regions 3.761ms
[2025-02-10T20:08:39.976-0800][gc,marking  ] GC(2) Concurrent Mark
[2025-02-10T20:08:39.976-0800][gc,marking  ] GC(2) Concurrent Mark From Roots
[2025-02-10T20:08:39.976-0800][gc,task     ] GC(2) Using 3 workers of 3 for marking
[2025-02-10T20:08:39.979-0800][gc,marking  ] GC(2) Concurrent Mark From Roots 3.056ms
[2025-02-10T20:08:39.979-0800][gc,marking  ] GC(2) Concurrent Preclean
[2025-02-10T20:08:39.979-0800][gc,marking  ] GC(2) Concurrent Preclean 0.028ms
[2025-02-10T20:08:39.979-0800][gc,start    ] GC(2) Pause Remark
[2025-02-10T20:08:39.985-0800][gc          ] GC(2) Pause Remark 10M->10M(1024M) 5.767ms
[2025-02-10T20:08:39.985-0800][gc,cpu      ] GC(2) User=0.01s Sys=0.00s Real=0.01s
[2025-02-10T20:08:39.985-0800][gc,marking  ] GC(2) Concurrent Mark 9.490ms
[2025-02-10T20:08:39.985-0800][gc,marking  ] GC(2) Concurrent Rebuild Remembered Sets
[2025-02-10T20:08:39.986-0800][gc,marking  ] GC(2) Concurrent Rebuild Remembered Sets 1.060ms
[2025-02-10T20:08:39.986-0800][gc,start    ] GC(2) Pause Cleanup
[2025-02-10T20:08:39.986-0800][gc          ] GC(2) Pause Cleanup 10M->10M(1024M) 0.067ms
[2025-02-10T20:08:39.987-0800][gc,cpu      ] GC(2) User=0.00s Sys=0.00s Real=0.00s
[2025-02-10T20:08:39.987-0800][gc,marking  ] GC(2) Concurrent Cleanup for Next Mark
[2025-02-10T20:08:39.990-0800][gc,marking  ] GC(2) Concurrent Cleanup for Next Mark 3.154ms
[2025-02-10T20:08:39.990-0800][gc          ] GC(2) Concurrent Mark Cycle 17.907ms
[2025-02-10T20:08:40.578-0800][gc,start    ] GC(3) Pause Young (Normal) (G1 Evacuation Pause)
[2025-02-10T20:08:40.578-0800][gc,task     ] GC(3) Using 10 workers of 10 for evacuation
[2025-02-10T20:08:40.580-0800][gc,phases   ] GC(3)   Pre Evacuate Collection Set: 0.1ms
[2025-02-10T20:08:40.580-0800][gc,phases   ] GC(3)   Merge Heap Roots: 0.0ms
[2025-02-10T20:08:40.580-0800][gc,phases   ] GC(3)   Evacuate Collection Set: 1.6ms
[2025-02-10T20:08:40.580-0800][gc,phases   ] GC(3)   Post Evacuate Collection Set: 0.2ms
[2025-02-10T20:08:40.580-0800][gc,phases   ] GC(3)   Other: 0.1ms
[2025-02-10T20:08:40.580-0800][gc,heap     ] GC(3) Eden regions: 49->0(47)
[2025-02-10T20:08:40.580-0800][gc,heap     ] GC(3) Survivor regions: 2->4(7)
[2025-02-10T20:08:40.580-0800][gc,heap     ] GC(3) Old regions: 9->9
[2025-02-10T20:08:40.580-0800][gc,heap     ] GC(3) Archive regions: 2->2
[2025-02-10T20:08:40.580-0800][gc,heap     ] GC(3) Humongous regions: 9->9
[2025-02-10T20:08:40.580-0800][gc,metaspace] GC(3) Metaspace: 31718K(32000K)->31718K(32000K) NonClass: 28114K(28288K)->28114K(28288K) Class: 3604K(3712K)->3604K(3712K)
[2025-02-10T20:08:40.580-0800][gc          ] GC(3) Pause Young (Normal) (G1 Evacuation Pause) 68M->22M(1024M) 2.049ms
[2025-02-10T20:08:40.580-0800][gc,cpu      ] GC(3) User=0.01s Sys=0.00s Real=0.01s
[2025-02-10T20:08:40.775-0800][gc,start    ] GC(4) Pause Young (Concurrent Start) (Metadata GC Threshold)
[2025-02-10T20:08:40.775-0800][gc,task     ] GC(4) Using 10 workers of 10 for evacuation
[2025-02-10T20:08:40.777-0800][gc,phases   ] GC(4)   Pre Evacuate Collection Set: 0.1ms
[2025-02-10T20:08:40.777-0800][gc,phases   ] GC(4)   Merge Heap Roots: 0.0ms
[2025-02-10T20:08:40.777-0800][gc,phases   ] GC(4)   Evacuate Collection Set: 2.0ms
[2025-02-10T20:08:40.777-0800][gc,phases   ] GC(4)   Post Evacuate Collection Set: 0.2ms
[2025-02-10T20:08:40.777-0800][gc,phases   ] GC(4)   Other: 0.1ms
[2025-02-10T20:08:40.777-0800][gc,heap     ] GC(4) Eden regions: 26->0(44)
[2025-02-10T20:08:40.777-0800][gc,heap     ] GC(4) Survivor regions: 4->7(7)
[2025-02-10T20:08:40.777-0800][gc,heap     ] GC(4) Old regions: 9->10
[2025-02-10T20:08:40.777-0800][gc,heap     ] GC(4) Archive regions: 2->2
[2025-02-10T20:08:40.777-0800][gc,heap     ] GC(4) Humongous regions: 9->9
[2025-02-10T20:08:40.777-0800][gc,metaspace] GC(4) Metaspace: 35551K(35904K)->35551K(35904K) NonClass: 31547K(31744K)->31547K(31744K) Class: 4004K(4160K)->4004K(4160K)
[2025-02-10T20:08:40.777-0800][gc          ] GC(4) Pause Young (Concurrent Start) (Metadata GC Threshold) 47M->25M(1024M) 2.629ms
[2025-02-10T20:08:40.777-0800][gc,cpu      ] GC(4) User=0.01s Sys=0.01s Real=0.00s
[2025-02-10T20:08:40.777-0800][gc          ] GC(5) Concurrent Mark Cycle
[2025-02-10T20:08:40.777-0800][gc,marking  ] GC(5) Concurrent Clear Claimed Marks
[2025-02-10T20:08:40.777-0800][gc,marking  ] GC(5) Concurrent Clear Claimed Marks 0.021ms
[2025-02-10T20:08:40.777-0800][gc,marking  ] GC(5) Concurrent Scan Root Regions
[2025-02-10T20:08:40.779-0800][gc,marking  ] GC(5) Concurrent Scan Root Regions 1.484ms
[2025-02-10T20:08:40.779-0800][gc,marking  ] GC(5) Concurrent Mark
[2025-02-10T20:08:40.779-0800][gc,marking  ] GC(5) Concurrent Mark From Roots
[2025-02-10T20:08:40.779-0800][gc,task     ] GC(5) Using 3 workers of 3 for marking
[2025-02-10T20:08:40.782-0800][gc,marking  ] GC(5) Concurrent Mark From Roots 2.699ms
[2025-02-10T20:08:40.782-0800][gc,marking  ] GC(5) Concurrent Preclean
[2025-02-10T20:08:40.782-0800][gc,marking  ] GC(5) Concurrent Preclean 0.041ms
[2025-02-10T20:08:40.782-0800][gc,start    ] GC(5) Pause Remark
[2025-02-10T20:08:40.789-0800][gc          ] GC(5) Pause Remark 26M->26M(1024M) 7.595ms
[2025-02-10T20:08:40.789-0800][gc,cpu      ] GC(5) User=0.02s Sys=0.01s Real=0.00s
[2025-02-10T20:08:40.789-0800][gc,marking  ] GC(5) Concurrent Mark 10.579ms
[2025-02-10T20:08:40.789-0800][gc,marking  ] GC(5) Concurrent Rebuild Remembered Sets
[2025-02-10T20:08:40.791-0800][gc,marking  ] GC(5) Concurrent Rebuild Remembered Sets 1.239ms
[2025-02-10T20:08:40.791-0800][gc,start    ] GC(5) Pause Cleanup
[2025-02-10T20:08:40.791-0800][gc          ] GC(5) Pause Cleanup 26M->26M(1024M) 0.107ms
[2025-02-10T20:08:40.791-0800][gc,cpu      ] GC(5) User=0.00s Sys=0.00s Real=0.00s
[2025-02-10T20:08:40.791-0800][gc,marking  ] GC(5) Concurrent Cleanup for Next Mark
[2025-02-10T20:08:40.794-0800][gc,marking  ] GC(5) Concurrent Cleanup for Next Mark 2.486ms
[2025-02-10T20:08:40.794-0800][gc          ] GC(5) Concurrent Mark Cycle 16.495ms
[2025-02-10T20:16:10.871-0800][gc,start    ] GC(6) Pause Young (Normal) (G1 Evacuation Pause)
[2025-02-10T20:16:10.871-0800][gc,task     ] GC(6) Using 10 workers of 10 for evacuation
[2025-02-10T20:16:10.903-0800][gc,mmu      ] GC(6) MMU target violated: 21.0ms (20.0ms/21.0ms)
[2025-02-10T20:16:10.904-0800][gc,phases   ] GC(6)   Pre Evacuate Collection Set: 1.1ms
[2025-02-10T20:16:10.904-0800][gc,phases   ] GC(6)   Merge Heap Roots: 0.2ms
[2025-02-10T20:16:10.904-0800][gc,phases   ] GC(6)   Evacuate Collection Set: 29.9ms
[2025-02-10T20:16:10.904-0800][gc,phases   ] GC(6)   Post Evacuate Collection Set: 0.8ms
[2025-02-10T20:16:10.904-0800][gc,phases   ] GC(6)   Other: 1.1ms
[2025-02-10T20:16:10.904-0800][gc,heap     ] GC(6) Eden regions: 44->0(48)
[2025-02-10T20:16:10.904-0800][gc,heap     ] GC(6) Survivor regions: 7->3(7)
[2025-02-10T20:16:10.904-0800][gc,heap     ] GC(6) Old regions: 10->16
[2025-02-10T20:16:10.904-0800][gc,heap     ] GC(6) Archive regions: 2->2
[2025-02-10T20:16:10.904-0800][gc,heap     ] GC(6) Humongous regions: 138->138
[2025-02-10T20:16:10.904-0800][gc,metaspace] GC(6) Metaspace: 39073K(39424K)->39073K(39424K) NonClass: 34780K(34944K)->34780K(34944K) Class: 4292K(4480K)->4292K(4480K)
[2025-02-10T20:16:10.904-0800][gc          ] GC(6) Pause Young (Normal) (G1 Evacuation Pause) 198M->156M(1024M) 33.125ms
[2025-02-10T20:16:10.904-0800][gc,cpu      ] GC(6) User=0.07s Sys=0.04s Real=0.03s
[2025-02-10T20:27:44.258-0800][gc,start    ] GC(7) Pause Young (Normal) (G1 Evacuation Pause)
[2025-02-10T20:27:44.259-0800][gc,task     ] GC(7) Using 10 workers of 10 for evacuation
[2025-02-10T20:27:44.277-0800][gc,phases   ] GC(7)   Pre Evacuate Collection Set: 0.3ms
[2025-02-10T20:27:44.278-0800][gc,phases   ] GC(7)   Merge Heap Roots: 0.1ms
[2025-02-10T20:27:44.278-0800][gc,phases   ] GC(7)   Evacuate Collection Set: 16.7ms
[2025-02-10T20:27:44.278-0800][gc,phases   ] GC(7)   Post Evacuate Collection Set: 1.4ms
[2025-02-10T20:27:44.278-0800][gc,phases   ] GC(7)   Other: 1.2ms
[2025-02-10T20:27:44.278-0800][gc,heap     ] GC(7) Eden regions: 48->0(48)
[2025-02-10T20:27:44.278-0800][gc,heap     ] GC(7) Survivor regions: 3->3(7)
[2025-02-10T20:27:44.278-0800][gc,heap     ] GC(7) Old regions: 16->16
[2025-02-10T20:27:44.278-0800][gc,heap     ] GC(7) Archive regions: 2->2
[2025-02-10T20:27:44.278-0800][gc,heap     ] GC(7) Humongous regions: 138->138
[2025-02-10T20:27:44.278-0800][gc,metaspace] GC(7) Metaspace: 39429K(39744K)->39429K(39744K) NonClass: 35126K(35264K)->35126K(35264K) Class: 4303K(4480K)->4303K(4480K)
[2025-02-10T20:27:44.278-0800][gc          ] GC(7) Pause Young (Normal) (G1 Evacuation Pause) 204M->156M(1024M) 19.958ms
[2025-02-10T20:27:44.278-0800][gc,cpu      ] GC(7) User=0.04s Sys=0.02s Real=0.02s
[2025-02-10T20:39:41.961-0800][gc,start    ] GC(8) Pause Young (Normal) (G1 Evacuation Pause)
[2025-02-10T20:39:41.962-0800][gc,task     ] GC(8) Using 10 workers of 10 for evacuation
[2025-02-10T20:39:41.986-0800][gc,mmu      ] GC(8) MMU target violated: 21.0ms (20.0ms/21.0ms)
[2025-02-10T20:39:41.986-0800][gc,phases   ] GC(8)   Pre Evacuate Collection Set: 0.6ms
[2025-02-10T20:39:41.986-0800][gc,phases   ] GC(8)   Merge Heap Roots: 0.1ms
[2025-02-10T20:39:41.986-0800][gc,phases   ] GC(8)   Evacuate Collection Set: 22.5ms
[2025-02-10T20:39:41.986-0800][gc,phases   ] GC(8)   Post Evacuate Collection Set: 0.7ms
[2025-02-10T20:39:41.986-0800][gc,phases   ] GC(8)   Other: 1.1ms
[2025-02-10T20:39:41.986-0800][gc,heap     ] GC(8) Eden regions: 48->0(48)
[2025-02-10T20:39:41.986-0800][gc,heap     ] GC(8) Survivor regions: 3->3(7)
[2025-02-10T20:39:41.986-0800][gc,heap     ] GC(8) Old regions: 16->16
[2025-02-10T20:39:41.986-0800][gc,heap     ] GC(8) Archive regions: 2->2
[2025-02-10T20:39:41.986-0800][gc,heap     ] GC(8) Humongous regions: 138->138
[2025-02-10T20:39:41.987-0800][gc,metaspace] GC(8) Metaspace: 39568K(39872K)->39568K(39872K) NonClass: 35265K(35392K)->35265K(35392K) Class: 4303K(4480K)->4303K(4480K)
[2025-02-10T20:39:41.987-0800][gc          ] GC(8) Pause Young (Normal) (G1 Evacuation Pause) 204M->157M(1024M) 25.195ms
[2025-02-10T20:39:41.987-0800][gc,cpu      ] GC(8) User=0.06s Sys=0.02s Real=0.02s
[2025-02-10T20:53:02.471-0800][gc,start    ] GC(9) Pause Young (Normal) (G1 Evacuation Pause)
[2025-02-10T20:53:02.473-0800][gc,task     ] GC(9) Using 10 workers of 10 for evacuation
[2025-02-10T20:53:02.506-0800][gc,mmu      ] GC(9) MMU target violated: 21.0ms (20.0ms/21.0ms)
[2025-02-10T20:53:02.507-0800][gc,phases   ] GC(9)   Pre Evacuate Collection Set: 0.7ms
[2025-02-10T20:53:02.507-0800][gc,phases   ] GC(9)   Merge Heap Roots: 0.3ms
[2025-02-10T20:53:02.507-0800][gc,phases   ] GC(9)   Evacuate Collection Set: 29.5ms
[2025-02-10T20:53:02.507-0800][gc,phases   ] GC(9)   Post Evacuate Collection Set: 2.8ms
[2025-02-10T20:53:02.507-0800][gc,phases   ] GC(9)   Other: 2.4ms
[2025-02-10T20:53:02.507-0800][gc,heap     ] GC(9) Eden regions: 48->0(50)
[2025-02-10T20:53:02.507-0800][gc,heap     ] GC(9) Survivor regions: 3->4(7)
[2025-02-10T20:53:02.507-0800][gc,heap     ] GC(9) Old regions: 16->16
[2025-02-10T20:53:02.507-0800][gc,heap     ] GC(9) Archive regions: 2->2
[2025-02-10T20:53:02.507-0800][gc,heap     ] GC(9) Humongous regions: 138->138
[2025-02-10T20:53:02.507-0800][gc,metaspace] GC(9) Metaspace: 39609K(40000K)->39609K(40000K) NonClass: 35305K(35520K)->35305K(35520K) Class: 4303K(4480K)->4303K(4480K)
[2025-02-10T20:53:02.507-0800][gc          ] GC(9) Pause Young (Normal) (G1 Evacuation Pause) 205M->157M(1024M) 36.216ms
[2025-02-10T20:53:02.508-0800][gc,cpu      ] GC(9) User=0.07s Sys=0.04s Real=0.03s
[2025-02-10T21:32:13.625-0800][gc,start    ] GC(10) Pause Young (Normal) (G1 Evacuation Pause)
[2025-02-10T21:32:13.626-0800][gc,task     ] GC(10) Using 10 workers of 10 for evacuation
[2025-02-10T21:32:13.649-0800][gc,mmu      ] GC(10) MMU target violated: 21.0ms (20.0ms/21.0ms)
[2025-02-10T21:32:13.649-0800][gc,phases   ] GC(10)   Pre Evacuate Collection Set: 0.4ms
[2025-02-10T21:32:13.649-0800][gc,phases   ] GC(10)   Merge Heap Roots: 0.2ms
[2025-02-10T21:32:13.649-0800][gc,phases   ] GC(10)   Evacuate Collection Set: 21.0ms
[2025-02-10T21:32:13.649-0800][gc,phases   ] GC(10)   Post Evacuate Collection Set: 0.9ms
[2025-02-10T21:32:13.649-0800][gc,phases   ] GC(10)   Other: 1.8ms
[2025-02-10T21:32:13.649-0800][gc,heap     ] GC(10) Eden regions: 50->0(55)
[2025-02-10T21:32:13.649-0800][gc,heap     ] GC(10) Survivor regions: 4->5(7)
[2025-02-10T21:32:13.649-0800][gc,heap     ] GC(10) Old regions: 16->16
[2025-02-10T21:32:13.649-0800][gc,heap     ] GC(10) Archive regions: 2->2
[2025-02-10T21:32:13.649-0800][gc,heap     ] GC(10) Humongous regions: 138->138
[2025-02-10T21:32:13.649-0800][gc,metaspace] GC(10) Metaspace: 39633K(40000K)->39633K(40000K) NonClass: 35329K(35520K)->35329K(35520K) Class: 4304K(4480K)->4304K(4480K)
[2025-02-10T21:32:13.649-0800][gc          ] GC(10) Pause Young (Normal) (G1 Evacuation Pause) 207M->158M(1024M) 24.306ms
[2025-02-10T21:32:13.649-0800][gc,cpu      ] GC(10) User=0.03s Sys=0.04s Real=0.02s
[2025-02-10T21:46:41.846-0800][gc,start    ] GC(11) Pause Young (Normal) (G1 Evacuation Pause)
[2025-02-10T21:46:41.847-0800][gc,task     ] GC(11) Using 10 workers of 10 for evacuation
[2025-02-10T21:46:41.868-0800][gc,mmu      ] GC(11) MMU target violated: 21.0ms (20.0ms/21.0ms)
[2025-02-10T21:46:41.868-0800][gc,phases   ] GC(11)   Pre Evacuate Collection Set: 0.6ms
[2025-02-10T21:46:41.868-0800][gc,phases   ] GC(11)   Merge Heap Roots: 0.1ms
[2025-02-10T21:46:41.868-0800][gc,phases   ] GC(11)   Evacuate Collection Set: 19.8ms
[2025-02-10T21:46:41.868-0800][gc,phases   ] GC(11)   Post Evacuate Collection Set: 0.9ms
[2025-02-10T21:46:41.868-0800][gc,phases   ] GC(11)   Other: 1.5ms
[2025-02-10T21:46:41.869-0800][gc,heap     ] GC(11) Eden regions: 55->0(168)
[2025-02-10T21:46:41.869-0800][gc,heap     ] GC(11) Survivor regions: 5->5(8)
[2025-02-10T21:46:41.869-0800][gc,heap     ] GC(11) Old regions: 16->16
[2025-02-10T21:46:41.869-0800][gc,heap     ] GC(11) Archive regions: 2->2
[2025-02-10T21:46:41.869-0800][gc,heap     ] GC(11) Humongous regions: 147->147
[2025-02-10T21:46:41.869-0800][gc,metaspace] GC(11) Metaspace: 39954K(40320K)->39954K(40320K) NonClass: 35598K(35776K)->35598K(35776K) Class: 4355K(4544K)->4355K(4544K)
[2025-02-10T21:46:41.869-0800][gc          ] GC(11) Pause Young (Normal) (G1 Evacuation Pause) 222M->168M(1024M) 22.834ms
[2025-02-10T21:46:41.869-0800][gc,cpu      ] GC(11) User=0.04s Sys=0.02s Real=0.02s
